src/auth/jwt.ts(63,14): error TS2769: No overload matches this call.
  Overload 1 of 5, '(payload: string | object | Buffer<ArrayBufferLike>, secretOrPrivateKey: null, options?: (SignOptions & { algorithm: "none"; }) | undefined): string', gave the following error.
    Argument of type 'string' is not assignable to parameter of type 'null'.
  Overload 2 of 5, '(payload: string | object | Buffer<ArrayBufferLike>, secretOrPrivateKey: Buffer<ArrayBufferLike> | Secret | PrivateKeyInput | JsonWebKeyInput, options?: SignOptions | undefined): string', gave the following error.
    Type 'string | number' is not assignable to type 'number | StringValue | undefined'.
      Type 'string' is not assignable to type 'number | StringValue | undefined'.
  Overload 3 of 5, '(payload: string | object | Buffer<ArrayBufferLike>, secretOrPrivateKey: Buffer<ArrayBufferLike> | Secret | PrivateKeyInput | JsonWebKeyInput, callback: SignCallback): void', gave the following error.
    Object literal may only specify known properties, and 'expiresIn' does not exist in type 'SignCallback'.
src/auth/webauthn.ts(6,8): error TS2307: Cannot find module '@simplewebauthn/server' or its corresponding type declarations.
src/auth/webauthn.ts(12,8): error TS2307: Cannot find module '@simplewebauthn/server' or its corresponding type declarations.
src/controllers/transactionController.ts(327,9): error TS2353: Object literal may only specify known properties, and 'error' does not exist in type 'LimitExceededErrorResponse'.
src/controllers/vaultController.ts(59,24): error TS2339: Property 'errors' does not exist on type 'ZodError<unknown>'.
src/controllers/vaultController.ts(59,35): error TS7006: Parameter 'e' implicitly has an 'any' type.
src/controllers/vaultController.ts(166,24): error TS2339: Property 'errors' does not exist on type 'ZodError<unknown>'.
src/controllers/vaultController.ts(166,35): error TS7006: Parameter 'e' implicitly has an 'any' type.
src/controllers/vaultController.ts(269,24): error TS2339: Property 'errors' does not exist on type 'ZodError<unknown>'.
src/controllers/vaultController.ts(269,35): error TS7006: Parameter 'e' implicitly has an 'any' type.
src/graphql/server.ts(7,38): error TS2307: Cannot find module '@graphql-tools/schema' or its corresponding type declarations.
src/index.ts(10,18): error TS2307: Cannot find module 'spdy' or its corresponding type declarations.
src/index.ts(37,10): error TS2305: Module '"./routes/admin"' has no exported member 'adminRoutes'.
src/jobs/accountingSyncJob.ts(3,10): error TS2305: Module '"../services/logger"' has no exported member 'logger'.
src/jobs/accountMerge.ts(225,43): error TS2345: Argument of type 'AccountResponse' is not assignable to parameter of type 'AccountRecord'.
  Type 'AccountResponse' is missing the following properties from type 'AccountRecord': num_sponsoring, num_sponsored, _links
src/jobs/accountMerge.ts(227,54): error TS2345: Argument of type 'AccountResponse' is not assignable to parameter of type 'AccountRecord'.
  Type 'AccountResponse' is missing the following properties from type 'AccountRecord': num_sponsoring, num_sponsored, _links
src/middleware/errorHandler.ts(154,54): error TS2552: Cannot find name 'errorCode'. Did you mean 'ERROR_CODES'?
src/middleware/errorHandler.ts(163,11): error TS2552: Cannot find name 'errorCode'. Did you mean 'ERROR_CODES'?
src/middleware/errorHandler.ts(171,11): error TS2552: Cannot find name 'errorCode'. Did you mean 'ERROR_CODES'?
src/middleware/errorHandler.ts(172,14): error TS2552: Cannot find name 'localizedMessage'. Did you mean 'getLocalizedMessage'?
src/middleware/errorHandler.ts(173,17): error TS2304: Cannot find name 'englishMessage'.
src/middleware/fingerprint.ts(32,9): error TS2339: Property 'isNewDevice' does not exist on type 'Request<ParamsDictionary, any, any, ParsedQs, Record<string, any>>'.
src/middleware/fingerprint.ts(34,9): error TS2339: Property 'isNewDevice' does not exist on type 'Request<ParamsDictionary, any, any, ParsedQs, Record<string, any>>'.
src/middleware/ipWhitelist.ts(28,14): error TS2349: This expression is not callable.
  Each member of the union type '{ (addr: IPv4, bits: number): boolean; (mask: [IPv4, number]): boolean; } | { (addr: IPv6, bits: number): boolean; (mask: [IPv6, number]): boolean; }' has signatures, but none of those signatures are compatible with each other.
src/models/vault.ts(217,12): error TS18047: 'result.rowCount' is possibly 'null'.
src/models/vault.ts(375,53): error TS2345: Argument of type 'PoolClient' is not assignable to parameter of type 'Pool'.
  Type 'PoolClient' is missing the following properties from type 'Pool': totalCount, idleCount, waitingCount, expiredCount, and 4 more.
src/models/vault.ts(386,9): error TS2345: Argument of type 'PoolClient' is not assignable to parameter of type 'Pool'.
  Type 'PoolClient' is missing the following properties from type 'Pool': totalCount, idleCount, waitingCount, expiredCount, and 4 more.
src/routes/__tests__/adminReconciliation.test.ts(3,10): error TS2305: Module '"../admin"' has no exported member 'adminRoutes'.
src/routes/accounting.ts(4,33): error TS2307: Cannot find module '../middleware/validation' or its corresponding type declarations.
src/routes/fees.ts(5,10): error TS2724: '"../middleware/auth"' has no exported member named 'authenticateJWT'. Did you mean 'authenticateToken'?
src/services/__tests__/accounting.test.ts(80,40): error TS2345: Argument of type '{ rows: never[]; }' is not assignable to parameter of type 'never'.
src/services/__tests__/accounting.test.ts(136,40): error TS2345: Argument of type '{ rows: never[]; }' is not assignable to parameter of type 'never'.
src/services/__tests__/accounting.test.ts(164,40): error TS2345: Argument of type '{ rows: never[]; }' is not assignable to parameter of type 'never'.
src/services/__tests__/accounting.test.ts(198,40): error TS2345: Argument of type '{ rows: any[]; }' is not assignable to parameter of type 'never'.
src/services/__tests__/accounting.test.ts(212,40): error TS2345: Argument of type '{ rows: never[]; }' is not assignable to parameter of type 'never'.
src/services/__tests__/accounting.test.ts(223,40): error TS2345: Argument of type '{ rows: any[]; }' is not assignable to parameter of type 'never'.
src/services/__tests__/accounting.test.ts(238,44): error TS2345: Argument of type '{ rows: { transactions: number; revenue: number; fees: number; }[]; }' is not assignable to parameter of type 'never'.
src/services/__tests__/accounting.test.ts(244,44): error TS2345: Argument of type '{ rows: any[]; }' is not assignable to parameter of type 'never'.
src/services/__tests__/accounting.test.ts(245,44): error TS2345: Argument of type '{ rows: never[]; }' is not assignable to parameter of type 'never'.
src/services/__tests__/accounting.test.ts(246,44): error TS2345: Argument of type '{ rows: never[]; }' is not assignable to parameter of type 'never'.
src/services/__tests__/accounting.test.ts(247,44): error TS2345: Argument of type '{ rows: never[]; }' is not assignable to parameter of type 'never'.
src/services/__tests__/accounting.test.ts(266,44): error TS2345: Argument of type '{ rows: any[]; }' is not assignable to parameter of type 'never'.
src/services/__tests__/accounting.test.ts(267,44): error TS2345: Argument of type '{ rows: never[]; }' is not assignable to parameter of type 'never'.
src/services/__tests__/accounting.test.ts(268,44): error TS2345: Argument of type '{ rows: never[]; }' is not assignable to parameter of type 'never'.
src/services/__tests__/accounting.test.ts(269,44): error TS2345: Argument of type '{ rows: never[]; }' is not assignable to parameter of type 'never'.
src/services/__tests__/accounting.test.ts(304,40): error TS2345: Argument of type '{ rows: { id: string; connectionId: string; syncType: string; status: string; recordsProcessed: number; recordsSucceeded: number; recordsFailed: number; syncedAt: Date; }[]; }' is not assignable to parameter of type 'never'.
src/services/__tests__/accounting.test.ts(324,44): error TS2345: Argument of type '{ rows: any[]; }' is not assignable to parameter of type 'never'.
src/services/__tests__/accounting.test.ts(325,44): error TS2345: Argument of type '{ rows: never[]; }' is not assignable to parameter of type 'never'.
src/services/__tests__/accounting.test.ts(353,40): error TS2345: Argument of type '{ rows: never[]; }' is not assignable to parameter of type 'never'.
src/services/__tests__/accounting.test.ts(369,40): error TS2345: Argument of type '{ rows: { transactions: number; revenue: number; fees: number; }[]; }' is not assignable to parameter of type 'never'.
src/services/__tests__/accounting.test.ts(391,40): error TS2345: Argument of type '{ rows: { fee_category: string; amount: number; }[]; }' is not assignable to parameter of type 'never'.
src/services/__tests__/accounting.test.ts(407,40): error TS2345: Argument of type '{ rows: { fee_category: null; amount: number; }[]; }' is not assignable to parameter of type 'never'.
src/services/__tests__/webhook-flat.test.ts(85,55): error TS2345: Argument of type '"transaction.pending"' is not assignable to parameter of type 'WebhookEvent'.
src/services/email.ts(1,20): error TS2307: Cannot find module '@sendgrid/mail' or its corresponding type declarations.
src/services/feeService.ts(459,29): error TS2345: Argument of type 'string[]' is not assignable to parameter of type '[keys: RedisCommandArgument | RedisCommandArgument[]] | [options: CommandOptions<ClientCommandOptions>, keys: RedisCommandArgument | RedisCommandArgument[]]'.
  Type 'string[]' is not assignable to type '[options: CommandOptions<ClientCommandOptions>, keys: RedisCommandArgument | RedisCommandArgument[]]'.
    Target requires 2 element(s) but source may have fewer.
src/stellar/__tests__/sep12.test.ts(43,42): error TS2345: Argument of type '{ rows: never[]; command: string; oid: number; rowCount: number; fields: never[]; }' is not assignable to parameter of type 'never'.
src/stellar/__tests__/sep12.test.ts(64,42): error TS2345: Argument of type '{ rows: { id: string; kyc_level: KYCLevel; applicant_id: string; verification_status: KYCStatus; }[]; command: string; oid: number; rowCount: number; fields: never[]; }' is not assignable to parameter of type 'never'.
src/stellar/__tests__/sep12.test.ts(100,42): error TS2345: Argument of type '{ rows: { id: string; kyc_level: KYCLevel; applicant_id: string; verification_status: KYCStatus; }[]; command: string; oid: number; rowCount: number; fields: never[]; }' is not assignable to parameter of type 'never'.
src/stellar/__tests__/sep12.test.ts(133,42): error TS2345: Argument of type '{ rows: { id: string; kyc_level: KYCLevel; applicant_id: string; verification_status: KYCStatus; }[]; command: string; oid: number; rowCount: number; fields: never[]; }' is not assignable to parameter of type 'never'.
src/stellar/__tests__/sep12.test.ts(169,32): error TS2345: Argument of type '{ rows: never[]; command: string; oid: number; rowCount: number; fields: never[]; }' is not assignable to parameter of type 'never'.
src/stellar/__tests__/sep12.test.ts(176,32): error TS2345: Argument of type '{ rows: { id: string; }[]; command: string; oid: number; rowCount: number; fields: never[]; }' is not assignable to parameter of type 'never'.
src/stellar/__tests__/sep12.test.ts(183,32): error TS2345: Argument of type '{ rows: never[]; command: string; oid: number; rowCount: number; fields: never[]; }' is not assignable to parameter of type 'never'.
src/stellar/__tests__/sep12.test.ts(224,32): error TS2345: Argument of type '{ rows: { id: string; applicant_id: string; }[]; command: string; oid: number; rowCount: number; fields: never[]; }' is not assignable to parameter of type 'never'.
src/stellar/__tests__/sep12.test.ts(236,32): error TS2345: Argument of type '{ rows: never[]; command: string; oid: number; rowCount: number; fields: never[]; }' is not assignable to parameter of type 'never'.
src/stellar/__tests__/sep12.test.ts(268,32): error TS2345: Argument of type '{ rows: never[]; command: string; oid: number; rowCount: number; fields: never[]; }' is not assignable to parameter of type 'never'.
src/stellar/__tests__/sep12.test.ts(275,32): error TS2345: Argument of type '{ rows: { id: string; }[]; command: string; oid: number; rowCount: number; fields: never[]; }' is not assignable to parameter of type 'never'.
src/stellar/__tests__/sep12.test.ts(282,32): error TS2345: Argument of type '{ rows: never[]; command: string; oid: number; rowCount: number; fields: never[]; }' is not assignable to parameter of type 'never'.
src/stellar/__tests__/sep12.test.ts(350,42): error TS2345: Argument of type '{ rows: never[]; command: string; oid: number; rowCount: number; fields: never[]; }' is not assignable to parameter of type 'never'.
src/stellar/__tests__/sep12.test.ts(376,42): error TS2345: Argument of type '{ rows: never[]; command: string; oid: number; rowCount: number; fields: never[]; }' is not assignable to parameter of type 'never'.
src/stellar/__tests__/sep12.test.ts(396,42): error TS2345: Argument of type '{ rows: never[]; command: string; oid: number; rowCount: number; fields: never[]; }' is not assignable to parameter of type 'never'.
src/stellar/__tests__/sep12.test.ts(414,42): error TS2345: Argument of type '{ rows: { id: string; kyc_level: KYCLevel; applicant_id: null; verification_status: KYCStatus; }[]; command: string; oid: number; rowCount: number; fields: never[]; }' is not assignable to parameter of type 'never'.
src/stellar/payments.ts(38,25): error TS2345: Argument of type 'Asset' is not assignable to parameter of type 'string | Asset[]'.
